/usr/bin/bash: line 10: yarn: command not found
npm warn skipping integrity check for git dependency ssh://git@github.com/lishid/cm-language.git
npm warn deprecated inflight@1.0.6: This module is not supported, and leaks memory. Do not use it. Check out lru-cache if you want a good and tested way to coalesce async requests by a key value, which is much more comprehensive and powerful.
npm warn deprecated is-accessor-descriptor@1.0.0: Please upgrade to v1.0.1
npm warn deprecated is-data-descriptor@1.0.0: Please upgrade to v1.0.1
npm warn deprecated source-map-url@0.4.1: See https://github.com/lydell/source-map-url#deprecated
npm warn deprecated urix@0.1.0: Please see https://github.com/lydell/urix#deprecated
npm warn deprecated resolve-url@0.2.1: https://github.com/lydell/resolve-url#deprecated
npm warn deprecated source-map-resolve@0.5.3: See https://github.com/lydell/source-map-resolve#deprecated
npm warn deprecated rimraf@3.0.2: Rimraf versions prior to v4 are no longer supported
npm warn deprecated glob@7.2.3: Old versions of glob are not supported, and contain widely publicized security vulnerabilities, which have been fixed in the current version. Please update. Support for old versions may be purchased (at exorbitant rates) by contacting i@izs.me
npm warn deprecated @humanwhocodes/config-array@0.11.10: Use @eslint/config-array instead
npm warn deprecated @babel/plugin-proposal-unicode-property-regex@7.18.6: This proposal has been merged to the ECMAScript standard and thus this plugin is no longer maintained. Please use @babel/plugin-transform-unicode-property-regex instead.
npm warn deprecated @humanwhocodes/object-schema@1.2.1: Use @eslint/object-schema instead
npm warn deprecated @types/lru-cache@7.10.10: This is a stub types definition. lru-cache provides its own type definitions, so you do not need this installed.
npm warn deprecated is-data-descriptor@0.1.4: Please upgrade to v0.1.5
npm warn deprecated is-accessor-descriptor@0.1.6: Please upgrade to v0.1.7
npm warn deprecated is-accessor-descriptor@0.1.6: Please upgrade to v0.1.7
npm warn deprecated is-data-descriptor@0.1.4: Please upgrade to v0.1.5
npm warn deprecated is-data-descriptor@0.1.4: Please upgrade to v0.1.5
npm warn deprecated is-accessor-descriptor@0.1.6: Please upgrade to v0.1.7
npm warn deprecated is-data-descriptor@0.1.4: Please upgrade to v0.1.5
npm warn deprecated is-accessor-descriptor@0.1.6: Please upgrade to v0.1.7
npm warn deprecated is-data-descriptor@0.1.4: Please upgrade to v0.1.5
npm warn deprecated is-accessor-descriptor@0.1.6: Please upgrade to v0.1.7
npm warn deprecated rimraf@2.6.3: Rimraf versions prior to v4 are no longer supported
npm warn deprecated eslint@8.44.0: This version is no longer supported. Please see https://eslint.org/version-support for other options.
npm warn deprecated eslint@5.16.0: This version is no longer supported. Please see https://eslint.org/version-support for other options.

added 1155 packages, and audited 1156 packages in 59s

131 packages are looking for funding
  run `npm fund` for details

37 vulnerabilities (4 low, 14 moderate, 16 high, 3 critical)

To address issues that do not require attention, run:
  npm audit fix

To address all issues (including breaking changes), run:
  npm audit fix --force

Run `npm audit` for details.
